
> cps-server@1.0.0 start
> node index.js

Connected to SQL Server
✅ Database connected
🚀 Server running on port 5000
   Health: http://localhost:5000/api/health
2026-04-04T05:40:05.239Z GET /api/dashboard/dashboard-data
JWT token detected (snippet): eyJhbGciOi...
JWT verify error: jwt expired
2026-04-04T05:40:05.255Z GET /api/dashboard/orders
JWT token detected (snippet): eyJhbGciOi...
JWT verify error: jwt expired
2026-04-04T05:40:05.264Z GET /api/dashboard/dashboard-data
JWT token detected (snippet): eyJhbGciOi...
JWT verify error: jwt expired
2026-04-04T05:40:05.276Z GET /api/dashboard/orders
JWT token detected (snippet): eyJhbGciOi...
JWT verify error: jwt expired
2026-04-04T05:41:25.578Z POST /api/auth/login
2026-04-04T05:41:26.290Z GET /api/dashboard/orders
JWT token detected (snippet): eyJhbGciOi...
2026-04-04T05:41:26.295Z GET /api/dashboard/dashboard-data
JWT token detected (snippet): eyJhbGciOi...
2026-04-04T05:41:27.111Z GET /api/dashboard/dashboard-data
JWT token detected (snippet): eyJhbGciOi...
2026-04-04T05:41:27.126Z GET /api/dashboard/orders
JWT token detected (snippet): eyJhbGciOi...
2026-04-04T05:47:22.176Z GET /api/dashboard/products
JWT token detected (snippet): eyJhbGciOi...
2026-04-04T05:47:22.178Z GET /api/dashboard/branches
JWT token detected (snippet): eyJhbGciOi...
2026-04-04T05:47:22.202Z GET /api/dashboard/products
JWT token detected (snippet): eyJhbGciOi...
2026-04-04T05:47:22.209Z GET /api/dashboard/branches
JWT token detected (snippet): eyJhbGciOi...
2026-04-04T05:47:28.729Z GET /api/dashboard/orders
JWT token detected (snippet): eyJhbGciOi...
2026-04-04T05:47:28.740Z GET /api/dashboard/dashboard-data
JWT token detected (snippet): eyJhbGciOi...
2026-04-04T05:47:28.763Z GET /api/dashboard/orders
JWT token detected (snippet): eyJhbGciOi...
2026-04-04T05:47:28.773Z GET /api/dashboard/dashboard-data
JWT token detected (snippet): eyJhbGciOi...
2026-04-04T05:47:50.942Z GET /api/dashboard/products
JWT token detected (snippet): eyJhbGciOi...
2026-04-04T05:47:50.944Z GET /api/dashboard/branches
JWT token detected (snippet): eyJhbGciOi...
2026-04-04T05:47:50.962Z GET /api/dashboard/products
JWT token detected (snippet): eyJhbGciOi...
2026-04-04T05:47:50.966Z GET /api/dashboard/branches
JWT token detected (snippet): eyJhbGciOi...
2026-04-04T05:47:53.744Z GET /api/dashboard/orders
JWT token detected (snippet): eyJhbGciOi...
2026-04-04T05:47:53.748Z GET /api/dashboard/dashboard-data
JWT token detected (snippet): eyJhbGciOi...
2026-04-04T05:47:53.781Z GET /api/dashboard/orders
JWT token detected (snippet): eyJhbGciOi...
2026-04-04T05:47:53.790Z GET /api/dashboard/dashboard-data
JWT token detected (snippet): eyJhbGciOi...
2026-04-04T05:53:41.317Z GET /api/dashboard/products
JWT token detected (snippet): eyJhbGciOi...
2026-04-04T05:53:41.320Z GET /api/dashboard/branches
JWT token detected (snippet): eyJhbGciOi...
2026-04-04T05:53:41.343Z GET /api/dashboard/products
JWT token detected (snippet): eyJhbGciOi...
2026-04-04T05:53:41.348Z GET /api/dashboard/branches
JWT token detected (snippet): eyJhbGciOi...
2026-04-04T05:58:02.775Z GET /api/dashboard/product-details
JWT token detected (snippet): eyJhbGciOi...
JWT verify error: jwt expired
2026-04-04T05:58:54.822Z GET /api/dashboard/products
JWT token detected (snippet): eyJhbGciOi...
JWT verify error: jwt expired
2026-04-04T05:58:54.826Z GET /api/dashboard/branches
JWT token detected (snippet): eyJhbGciOi...
JWT verify error: jwt expired
2026-04-04T05:58:54.837Z GET /api/dashboard/products
JWT token detected (snippet): eyJhbGciOi...
JWT verify error: jwt expired
2026-04-04T05:58:54.841Z GET /api/dashboard/branches
JWT token detected (snippet): eyJhbGciOi...
JWT verify error: jwt expired
2026-04-04T05:59:01.515Z GET /api/dashboard/products
JWT token detected (snippet): eyJhbGciOi...
JWT verify error: jwt expired
2026-04-04T05:59:01.519Z GET /api/dashboard/branches
JWT token detected (snippet): eyJhbGciOi...
JWT verify error: jwt expired
2026-04-04T05:59:01.528Z GET /api/dashboard/products
JWT token detected (snippet): eyJhbGciOi...
JWT verify error: jwt expired
2026-04-04T05:59:01.533Z GET /api/dashboard/branches
JWT token detected (snippet): eyJhbGciOi...
JWT verify error: jwt expired
2026-04-04T05:59:06.459Z GET /api/dashboard/orders
JWT token detected (snippet): eyJhbGciOi...
JWT verify error: jwt expired
2026-04-04T05:59:06.462Z GET /api/dashboard/dashboard-data
JWT token detected (snippet): eyJhbGciOi...
JWT verify error: jwt expired
2026-04-04T05:59:06.469Z GET /api/dashboard/orders
JWT token detected (snippet): eyJhbGciOi...
JWT verify error: jwt expired
2026-04-04T05:59:06.471Z GET /api/dashboard/dashboard-data
JWT token detected (snippet): eyJhbGciOi...
JWT verify error: jwt expired
2026-04-04T05:59:28.139Z POST /api/auth/login
2026-04-04T05:59:28.186Z GET /api/dashboard/orders
JWT token detected (snippet): eyJhbGciOi...
2026-04-04T05:59:28.189Z GET /api/dashboard/dashboard-data
JWT token detected (snippet): eyJhbGciOi...
2026-04-04T05:59:28.227Z GET /api/dashboard/orders
JWT token detected (snippet): eyJhbGciOi...
2026-04-04T05:59:28.240Z GET /api/dashboard/dashboard-data
JWT token detected (snippet): eyJhbGciOi...
2026-04-04T05:59:31.503Z GET /api/dashboard/products
JWT token detected (snippet): eyJhbGciOi...
2026-04-04T05:59:31.507Z GET /api/dashboard/branches
JWT token detected (snippet): eyJhbGciOi...
2026-04-04T05:59:31.523Z GET /api/dashboard/products
JWT token detected (snippet): eyJhbGciOi...
2026-04-04T05:59:31.536Z GET /api/dashboard/branches
JWT token detected (snippet): eyJhbGciOi...
2026-04-04T05:59:34.815Z GET /api/dashboard/product-details
JWT token detected (snippet): eyJhbGciOi...
2026-04-04T05:59:48.678Z GET /api/dashboard/rate
JWT token detected (snippet): eyJhbGciOi...
2026-04-04T06:54:00.779Z GET /api/dashboard/products
JWT token detected (snippet): eyJhbGciOi...
JWT verify error: jwt expired
2026-04-04T06:54:00.792Z GET /api/dashboard/branches
JWT token detected (snippet): eyJhbGciOi...
JWT verify error: jwt expired
2026-04-04T06:54:00.795Z GET /api/dashboard/products
JWT token detected (snippet): eyJhbGciOi...
JWT verify error: jwt expired
2026-04-04T06:54:00.809Z GET /api/dashboard/branches
JWT token detected (snippet): eyJhbGciOi...
JWT verify error: jwt expired
2026-04-04T06:54:06.016Z GET /api/dashboard/orders
JWT token detected (snippet): eyJhbGciOi...
JWT verify error: jwt expired
2026-04-04T06:54:06.020Z GET /api/dashboard/dashboard-data
JWT token detected (snippet): eyJhbGciOi...
JWT verify error: jwt expired
2026-04-04T06:54:06.031Z GET /api/dashboard/orders
JWT token detected (snippet): eyJhbGciOi...
JWT verify error: jwt expired
2026-04-04T06:54:06.036Z GET /api/dashboard/dashboard-data
JWT token detected (snippet): eyJhbGciOi...
JWT verify error: jwt expired
2026-04-04T07:30:37.514Z GET /api/dashboard/orders
JWT token detected (snippet): eyJhbGciOi...
JWT verify error: jwt expired
2026-04-04T07:30:37.518Z GET /api/dashboard/dashboard-data
JWT token detected (snippet): eyJhbGciOi...
JWT verify error: jwt expired
2026-04-04T07:30:37.524Z GET /api/dashboard/orders
JWT token detected (snippet): eyJhbGciOi...
JWT verify error: jwt expired
2026-04-04T07:30:37.538Z GET /api/dashboard/dashboard-data
JWT token detected (snippet): eyJhbGciOi...
JWT verify error: jwt expired
2026-04-04T08:57:13.168Z POST /api/auth/login
2026-04-04T08:57:13.272Z GET /api/dashboard/dashboard-data
JWT token detected (snippet): eyJhbGciOi...
2026-04-04T08:57:13.276Z GET /api/dashboard/orders
JWT token detected (snippet): eyJhbGciOi...
2026-04-04T08:57:13.317Z GET /api/dashboard/orders
JWT token detected (snippet): eyJhbGciOi...
2026-04-04T08:57:13.319Z GET /api/dashboard/dashboard-data
JWT token detected (snippet): eyJhbGciOi...
2026-04-04T08:57:21.623Z GET /api/dashboard/products
JWT token detected (snippet): eyJhbGciOi...
2026-04-04T08:57:21.628Z GET /api/dashboard/branches
JWT token detected (snippet): eyJhbGciOi...
2026-04-04T08:57:21.643Z GET /api/dashboard/products
JWT token detected (snippet): eyJhbGciOi...
2026-04-04T08:57:21.647Z GET /api/dashboard/branches
JWT token detected (snippet): eyJhbGciOi...
2026-04-04T08:57:25.464Z GET /api/dashboard/product-details
JWT token detected (snippet): eyJhbGciOi...
2026-04-04T09:04:43.209Z GET /api/dashboard/rate
JWT token detected (snippet): eyJhbGciOi...
2026-04-04T09:31:15.263Z GET /api/dashboard/orders
JWT token detected (snippet): eyJhbGciOi...
JWT verify error: jwt expired
2026-04-04T09:31:15.268Z GET /api/dashboard/dashboard-data
JWT token detected (snippet): eyJhbGciOi...
JWT verify error: jwt expired
2026-04-04T09:31:15.272Z GET /api/dashboard/orders
JWT token detected (snippet): eyJhbGciOi...
JWT verify error: jwt expired
2026-04-04T09:31:15.278Z GET /api/dashboard/dashboard-data
JWT token detected (snippet): eyJhbGciOi...
JWT verify error: jwt expired
2026-04-04T10:25:43.736Z POST /api/auth/login
2026-04-04T10:25:43.810Z GET /api/dashboard/orders
JWT token detected (snippet): eyJhbGciOi...
2026-04-04T10:25:43.816Z GET /api/dashboard/dashboard-data
JWT token detected (snippet): eyJhbGciOi...
2026-04-04T10:25:43.846Z GET /api/dashboard/orders
JWT token detected (snippet): eyJhbGciOi...
2026-04-04T10:25:43.875Z GET /api/dashboard/dashboard-data
JWT token detected (snippet): eyJhbGciOi...
2026-04-04T10:27:12.361Z GET /api/dashboard/products
JWT token detected (snippet): eyJhbGciOi...
2026-04-04T10:27:12.364Z GET /api/dashboard/branches
JWT token detected (snippet): eyJhbGciOi...
2026-04-04T10:27:12.402Z GET /api/dashboard/products
JWT token detected (snippet): eyJhbGciOi...
2026-04-04T10:27:12.405Z GET /api/dashboard/branches
JWT token detected (snippet): eyJhbGciOi...
2026-04-04T10:51:43.444Z GET /api/dashboard/orders
JWT token detected (snippet): eyJhbGciOi...
JWT verify error: jwt expired
2026-04-04T10:51:43.449Z GET /api/dashboard/dashboard-data
JWT token detected (snippet): eyJhbGciOi...
JWT verify error: jwt expired
2026-04-04T10:51:43.456Z GET /api/dashboard/orders
JWT token detected (snippet): eyJhbGciOi...
JWT verify error: jwt expired
2026-04-04T10:51:43.466Z GET /api/dashboard/dashboard-data
JWT token detected (snippet): eyJhbGciOi...
JWT verify error: jwt expired
2026-04-04T11:53:28.364Z GET /api/dashboard/orders
JWT token detected (snippet): eyJhbGciOi...
JWT verify error: jwt expired
2026-04-04T11:53:28.368Z GET /api/dashboard/dashboard-data
JWT token detected (snippet): eyJhbGciOi...
JWT verify error: jwt expired
2026-04-04T11:53:28.374Z GET /api/dashboard/orders
JWT token detected (snippet): eyJhbGciOi...
JWT verify error: jwt expired
2026-04-04T11:53:28.383Z GET /api/dashboard/dashboard-data
JWT token detected (snippet): eyJhbGciOi...
JWT verify error: jwt expired
2026-04-04T11:53:48.972Z POST /api/auth/login
2026-04-04T11:53:49.042Z GET /api/dashboard/orders
JWT token detected (snippet): eyJhbGciOi...
2026-04-04T11:53:49.046Z GET /api/dashboard/dashboard-data
JWT token detected (snippet): eyJhbGciOi...
2026-04-04T11:53:49.077Z GET /api/dashboard/orders
JWT token detected (snippet): eyJhbGciOi...
2026-04-04T11:53:49.108Z GET /api/dashboard/dashboard-data
JWT token detected (snippet): eyJhbGciOi...
2026-04-04T11:54:08.851Z GET /api/dashboard/products
JWT token detected (snippet): eyJhbGciOi...
2026-04-04T11:54:08.856Z GET /api/dashboard/branches
JWT token detected (snippet): eyJhbGciOi...
2026-04-04T11:54:08.878Z GET /api/dashboard/products
JWT token detected (snippet): eyJhbGciOi...
2026-04-04T11:54:08.883Z GET /api/dashboard/branches
JWT token detected (snippet): eyJhbGciOi...
2026-04-04T11:57:02.946Z GET /api/dashboard/orders
JWT token detected (snippet): eyJhbGciOi...
2026-04-04T11:57:02.953Z GET /api/dashboard/dashboard-data
JWT token detected (snippet): eyJhbGciOi...
2026-04-04T11:57:02.986Z GET /api/dashboard/orders
JWT token detected (snippet): eyJhbGciOi...
2026-04-04T11:57:02.999Z GET /api/dashboard/dashboard-data
JWT token detected (snippet): eyJhbGciOi...
