[2026-04-21T11:52:08.239Z] POST /api/auth/login
[2026-04-21T11:56:59.295Z] GET /api/dashboard/orders
[2026-04-21T11:56:59.300Z] GET /api/dashboard/dashboard-data
[2026-04-21T11:56:59.313Z] POST /api/auth/refresh
[2026-04-21T11:56:59.323Z] POST /api/auth/refresh
[2026-04-21T11:56:59.331Z] GET /api/dashboard/orders
[2026-04-21T11:56:59.334Z] GET /api/dashboard/dashboard-data
[2026-04-21T11:56:59.349Z] POST /api/auth/refresh
[2026-04-21T11:56:59.366Z] GET /api/dashboard/orders
[2026-04-21T11:56:59.376Z] GET /api/dashboard/dashboard-data
[2026-04-21T11:56:59.383Z] POST /api/auth/refresh
[2026-04-21T11:56:59.396Z] GET /api/dashboard/orders
[2026-04-21T11:56:59.407Z] GET /api/dashboard/dashboard-data
[2026-04-21T12:06:06.689Z] POST /api/auth/login
[2026-04-21T12:06:06.829Z] GET /api/dashboard/orders
[2026-04-21T12:06:06.831Z] GET /api/dashboard/dashboard-data
[2026-04-21T12:06:06.844Z] POST /api/auth/refresh
[2026-04-21T12:06:06.850Z] POST /api/auth/refresh
[2026-04-21T12:06:06.856Z] GET /api/dashboard/orders
[2026-04-21T12:06:06.859Z] GET /api/dashboard/dashboard-data
[2026-04-21T12:06:06.873Z] POST /api/auth/refresh
[2026-04-21T12:06:06.881Z] GET /api/dashboard/orders
[2026-04-21T12:06:06.888Z] GET /api/dashboard/dashboard-data
[2026-04-21T12:06:06.896Z] POST /api/auth/refresh
[2026-04-21T12:06:06.907Z] GET /api/dashboard/orders
[2026-04-21T12:06:06.916Z] GET /api/dashboard/dashboard-data
[2026-04-21T12:15:09.200Z] GET /api/dashboard/orders
[2026-04-21T12:15:09.213Z] GET /api/dashboard/dashboard-data
[2026-04-21T12:15:09.226Z] GET /api/dashboard/orders
[2026-04-21T12:15:09.235Z] GET /api/dashboard/dashboard-data
[2026-04-21T12:15:09.296Z] POST /api/auth/refresh
[2026-04-21T12:15:09.315Z] POST /api/auth/refresh
[2026-04-21T12:15:09.326Z] POST /api/auth/refresh
[2026-04-21T12:15:09.349Z] POST /api/auth/refresh
[2026-04-21T12:15:09.366Z] GET /api/dashboard/orders
[2026-04-21T12:15:09.382Z] GET /api/dashboard/dashboard-data
[2026-04-21T12:15:09.406Z] GET /api/dashboard/orders
[2026-04-21T12:15:09.424Z] GET /api/dashboard/dashboard-data
[2026-04-21T12:15:23.448Z] POST /api/auth/login
[2026-04-21T12:15:23.542Z] GET /api/dashboard/orders
[2026-04-21T12:15:23.555Z] GET /api/dashboard/dashboard-data
[2026-04-21T12:15:23.565Z] GET /api/dashboard/orders
[2026-04-21T12:15:23.572Z] GET /api/dashboard/dashboard-data
[2026-04-21T12:20:08.517Z] POST /api/auth/login
[2026-04-21T12:20:08.601Z] GET /api/dashboard/orders
[2026-04-21T12:20:08.607Z] GET /api/dashboard/dashboard-data
[2026-04-21T12:20:08.621Z] GET /api/dashboard/orders
[2026-04-21T12:20:08.636Z] GET /api/dashboard/dashboard-data
[2026-04-21T12:21:17.835Z] GET /api/health
[2026-04-21T12:21:19.135Z] GET /favicon.ico
[2026-04-21T12:21:29.107Z] GET /api/dashboard/orders
[2026-04-21T12:21:29.113Z] GET /api/dashboard/dashboard-data
[2026-04-21T12:21:29.133Z] GET /api/dashboard/orders
[2026-04-21T12:21:29.140Z] POST /api/auth/refresh
[2026-04-21T12:21:29.149Z] POST /api/auth/refresh
[2026-04-21T12:21:29.158Z] GET /api/dashboard/dashboard-data
[2026-04-21T12:21:29.165Z] POST /api/auth/refresh
[2026-04-21T12:21:29.183Z] GET /api/dashboard/orders
[2026-04-21T12:21:29.201Z] POST /api/auth/refresh
[2026-04-21T12:21:29.215Z] GET /api/dashboard/dashboard-data
[2026-04-21T12:21:29.266Z] GET /api/dashboard/orders
[2026-04-21T12:21:29.278Z] GET /api/dashboard/dashboard-data
[2026-04-21T12:27:08.289Z] GET /api/dashboard/orders
[2026-04-21T12:27:08.294Z] GET /api/dashboard/dashboard-data
[2026-04-21T12:27:08.308Z] GET /api/dashboard/orders
[2026-04-21T12:27:08.329Z] POST /api/auth/refresh
[2026-04-21T12:27:08.348Z] POST /api/auth/refresh
[2026-04-21T12:27:08.365Z] GET /api/dashboard/dashboard-data
[2026-04-21T12:27:08.378Z] POST /api/auth/refresh
[2026-04-21T12:27:08.412Z] GET /api/dashboard/orders
[2026-04-21T12:27:08.428Z] GET /api/dashboard/dashboard-data
[2026-04-21T12:27:08.505Z] POST /api/auth/refresh
[2026-04-21T12:27:08.548Z] GET /api/dashboard/orders
[2026-04-21T12:27:08.600Z] GET /api/dashboard/orders
[2026-04-21T12:27:08.611Z] GET /api/dashboard/dashboard-data
[2026-04-21T12:27:08.633Z] POST /api/auth/refresh
[2026-04-21T12:27:08.656Z] GET /api/dashboard/orders
[2026-04-21T12:27:08.678Z] POST /api/auth/refresh
[2026-04-21T12:27:08.689Z] GET /api/dashboard/dashboard-data
[2026-04-21T12:27:08.698Z] POST /api/auth/refresh
[2026-04-21T12:27:08.718Z] GET /api/dashboard/orders
[2026-04-21T12:27:08.741Z] POST /api/auth/refresh
[2026-04-21T12:27:08.751Z] GET /api/dashboard/dashboard-data
[2026-04-21T12:27:08.771Z] GET /api/dashboard/orders
[2026-04-21T12:27:08.784Z] GET /api/dashboard/dashboard-data
[2026-04-21T12:27:08.976Z] GET /api/dashboard/orders
[2026-04-21T12:27:08.981Z] GET /api/dashboard/dashboard-data
[2026-04-21T12:27:08.988Z] POST /api/auth/refresh
[2026-04-21T12:27:09.012Z] POST /api/auth/refresh
[2026-04-21T12:27:09.020Z] GET /api/dashboard/orders
[2026-04-21T12:27:09.030Z] GET /api/dashboard/dashboard-data
[2026-04-21T12:27:09.040Z] GET /api/dashboard/orders
[2026-04-21T12:27:09.065Z] POST /api/auth/refresh
[2026-04-21T12:27:09.076Z] GET /api/dashboard/dashboard-data
[2026-04-21T12:27:09.089Z] POST /api/auth/refresh
[2026-04-21T12:27:09.104Z] GET /api/dashboard/orders
[2026-04-21T12:27:09.123Z] GET /api/dashboard/dashboard-data
[2026-04-22T04:47:55.140Z] GET /api/dashboard/orders
[2026-04-22T04:47:55.152Z] GET /api/dashboard/dashboard-data
[2026-04-22T04:47:55.204Z] POST /api/auth/refresh
[2026-04-22T04:47:55.228Z] GET /api/dashboard/orders
[2026-04-22T04:47:55.238Z] GET /api/dashboard/dashboard-data
[2026-04-22T04:47:55.246Z] POST /api/auth/refresh
[2026-04-22T04:47:55.274Z] POST /api/auth/refresh
[2026-04-22T04:47:55.293Z] GET /api/dashboard/orders
[2026-04-22T04:47:55.311Z] POST /api/auth/refresh
[2026-04-22T04:47:55.340Z] GET /api/dashboard/dashboard-data
[2026-04-22T04:47:55.391Z] GET /api/dashboard/orders
[2026-04-22T04:47:55.410Z] GET /api/dashboard/dashboard-data
[2026-04-22T04:48:09.959Z] POST /api/auth/login
[2026-04-22T04:48:10.650Z] GET /api/dashboard/orders
[2026-04-22T04:48:10.663Z] GET /api/dashboard/dashboard-data
[2026-04-22T04:48:10.668Z] GET /api/dashboard/orders
[2026-04-22T04:48:10.681Z] GET /api/dashboard/dashboard-data
[2026-04-22T04:56:38.457Z] GET /api/health
[2026-04-22T04:56:48.597Z] GET /api/dashboard/dashboard-data
[2026-04-22T05:01:32.573Z] GET /api/dashboard/orders
[2026-04-22T05:01:32.577Z] GET /api/dashboard/dashboard-data
[2026-04-22T05:01:32.584Z] GET /api/dashboard/orders
[2026-04-22T05:01:32.627Z] POST /api/auth/refresh
[2026-04-22T05:01:32.646Z] POST /api/auth/refresh
[2026-04-22T05:01:32.652Z] GET /api/dashboard/dashboard-data
[2026-04-22T05:01:32.666Z] POST /api/auth/refresh
[2026-04-22T05:01:32.684Z] GET /api/dashboard/orders
[2026-04-22T05:01:32.694Z] GET /api/dashboard/dashboard-data
[2026-04-22T05:01:32.697Z] POST /api/auth/refresh
[2026-04-22T05:01:33.713Z] GET /api/dashboard/dashboard-data
[2026-04-22T05:01:33.717Z] GET /api/dashboard/orders
[2026-04-22T05:01:36.696Z] GET /api/dashboard/products
[2026-04-22T05:01:36.701Z] GET /api/dashboard/branches
[2026-04-22T05:01:36.725Z] GET /api/dashboard/products
[2026-04-22T05:01:36.729Z] GET /api/dashboard/branches
[2026-04-22T05:01:39.891Z] GET /api/dashboard/product-details
[2026-04-22T05:02:03.004Z] GET /api/dashboard/rate
[2026-04-22T05:02:28.559Z] POST /api/orderbooking/orders
[2026-04-22T05:02:46.926Z] GET /api/dashboard/orders
[2026-04-22T05:02:46.930Z] GET /api/dashboard/dashboard-data
[2026-04-22T05:02:46.963Z] GET /api/dashboard/orders
[2026-04-22T05:02:46.995Z] GET /api/dashboard/dashboard-data
[2026-04-22T05:02:49.400Z] GET /api/orderbooking/list
[2026-04-22T05:02:49.419Z] GET /api/orderbooking/list
[2026-04-22T05:02:54.404Z] GET /api/orderbooking/list
[2026-04-22T05:02:54.418Z] GET /api/orderbooking/list
[2026-04-22T05:02:54.421Z] POST /api/auth/refresh
[2026-04-22T05:02:54.429Z] POST /api/auth/refresh
[2026-04-22T05:02:54.442Z] GET /api/orderbooking/list
[2026-04-22T05:02:54.456Z] GET /api/orderbooking/list
[2026-04-22T05:03:03.213Z] GET /api/dashboard/orders
[2026-04-22T05:03:03.218Z] GET /api/dashboard/dashboard-data
[2026-04-22T05:03:03.253Z] GET /api/dashboard/orders
[2026-04-22T05:03:03.258Z] GET /api/dashboard/dashboard-data
[2026-04-22T05:03:05.698Z] GET /api/orderbooking/list
[2026-04-22T05:03:05.711Z] GET /api/orderbooking/list
[2026-04-22T05:09:39.824Z] GET /api/health
[2026-04-22T05:16:52.061Z] GET /api/health
[2026-04-22T05:16:52.312Z] GET /favicon.ico
[2026-04-22T05:17:08.033Z] POST /api/auth/login
[2026-04-22T05:17:08.644Z] GET /api/dashboard/dashboard-data
[2026-04-22T05:17:08.647Z] GET /api/dashboard/orders
[2026-04-22T05:17:08.658Z] GET /api/dashboard/dashboard-data
[2026-04-22T05:17:08.661Z] POST /api/auth/refresh
[2026-04-22T05:17:08.675Z] GET /api/dashboard/orders
[2026-04-22T05:17:08.684Z] POST /api/auth/refresh
[2026-04-22T05:17:08.692Z] POST /api/auth/refresh
[2026-04-22T05:17:08.704Z] POST /api/auth/refresh
[2026-04-22T05:17:08.712Z] GET /api/dashboard/dashboard-data
[2026-04-22T05:17:08.717Z] GET /api/dashboard/orders
[2026-04-22T05:17:08.753Z] GET /api/dashboard/dashboard-data
[2026-04-22T05:17:08.774Z] GET /api/dashboard/orders
[2026-04-22T05:17:16.741Z] GET /api/dashboard/branches
[2026-04-22T05:17:16.748Z] GET /api/dashboard/products
[2026-04-22T05:17:16.765Z] GET /api/dashboard/branches
[2026-04-22T05:17:16.769Z] GET /api/dashboard/products
[2026-04-22T05:17:20.091Z] GET /api/dashboard/product-details
[2026-04-22T05:17:22.367Z] GET /api/orderbooking/list
[2026-04-22T05:17:22.387Z] GET /api/orderbooking/list
[2026-04-22T05:17:34.965Z] GET /api/dashboard/orders
[2026-04-22T05:17:34.970Z] GET /api/dashboard/dashboard-data
[2026-04-22T05:17:35.000Z] GET /api/dashboard/orders
[2026-04-22T05:17:35.008Z] GET /api/dashboard/dashboard-data
[2026-04-22T05:17:37.657Z] GET /api/orderbooking/list
[2026-04-22T05:17:37.667Z] GET /api/orderbooking/list
[2026-04-22T05:17:45.684Z] GET /api/orderbooking/orders/273115b1-903b-498f-8f80-a75e568915b4
[2026-04-22T05:17:45.688Z] GET /api/dashboard/products
[2026-04-22T05:17:45.692Z] GET /api/dashboard/branches
[2026-04-22T05:17:45.702Z] GET /api/dashboard/products
[2026-04-22T05:17:45.707Z] GET /api/dashboard/branches
[2026-04-22T05:17:45.725Z] GET /api/orderbooking/orders/273115b1-903b-498f-8f80-a75e568915b4
[2026-04-22T05:17:45.770Z] GET /api/dashboard/product-details
[2026-04-22T05:17:45.775Z] GET /api/dashboard/rate
[2026-04-22T05:18:08.744Z] PUT /api/orderbooking/orders/273115b1-903b-498f-8f80-a75e568915b4
[2026-04-22T05:18:11.202Z] GET /api/orderbooking/list
[2026-04-22T05:18:11.223Z] GET /api/orderbooking/list
[2026-04-22T05:25:34.623Z] GET /api/orderbooking/orders/c553c425-3617-4d59-8d63-dfdfa894a275
[2026-04-22T05:25:34.626Z] GET /api/dashboard/products
[2026-04-22T05:25:34.629Z] GET /api/dashboard/branches
[2026-04-22T05:25:34.641Z] GET /api/dashboard/products
[2026-04-22T05:25:34.649Z] GET /api/dashboard/branches
[2026-04-22T05:25:34.672Z] GET /api/orderbooking/orders/c553c425-3617-4d59-8d63-dfdfa894a275
[2026-04-22T05:25:34.707Z] GET /api/dashboard/product-details
[2026-04-22T05:25:34.712Z] GET /api/dashboard/rate
[2026-04-22T05:25:40.392Z] GET /api/dashboard/rate
[2026-04-22T05:25:40.396Z] GET /api/dashboard/product-details
[2026-04-22T05:25:48.892Z] PUT /api/orderbooking/orders/c553c425-3617-4d59-8d63-dfdfa894a275
[2026-04-22T05:25:51.317Z] GET /api/orderbooking/list
[2026-04-22T05:25:51.334Z] GET /api/orderbooking/list
[2026-04-22T05:26:15.759Z] GET /api/orderbooking/orders/07fef675-f1c1-45f3-8637-2a7c7ba4ef61
[2026-04-22T05:26:15.768Z] GET /api/dashboard/products
[2026-04-22T05:26:15.772Z] GET /api/dashboard/branches
[2026-04-22T05:26:15.781Z] GET /api/dashboard/products
[2026-04-22T05:26:15.786Z] GET /api/dashboard/branches
[2026-04-22T05:26:15.793Z] GET /api/orderbooking/orders/07fef675-f1c1-45f3-8637-2a7c7ba4ef61
[2026-04-22T05:26:15.849Z] GET /api/dashboard/product-details
[2026-04-22T05:26:15.853Z] GET /api/dashboard/rate
[2026-04-22T05:26:20.099Z] GET /api/dashboard/product-details
[2026-04-22T05:26:20.102Z] GET /api/dashboard/rate
[2026-04-22T05:26:34.724Z] PUT /api/orderbooking/orders/07fef675-f1c1-45f3-8637-2a7c7ba4ef61
[2026-04-22T05:26:37.135Z] GET /api/orderbooking/list
[2026-04-22T05:26:37.149Z] GET /api/orderbooking/list
[2026-04-22T05:39:42.095Z] GET /api/dashboard/orders
[2026-04-22T05:39:42.104Z] GET /api/dashboard/dashboard-data
[2026-04-22T05:39:42.134Z] POST /api/auth/refresh
[2026-04-22T05:39:42.150Z] GET /api/dashboard/orders
[2026-04-22T05:39:42.154Z] POST /api/auth/refresh
[2026-04-22T05:39:42.176Z] GET /api/dashboard/dashboard-data
[2026-04-22T05:39:42.187Z] GET /api/dashboard/orders
[2026-04-22T05:39:42.193Z] POST /api/auth/refresh
[2026-04-22T05:39:42.209Z] GET /api/dashboard/dashboard-data
[2026-04-22T05:39:42.216Z] POST /api/auth/refresh
[2026-04-22T05:39:42.356Z] GET /api/dashboard/orders
[2026-04-22T05:39:42.363Z] GET /api/dashboard/dashboard-data
[2026-04-22T05:39:51.578Z] GET /api/dashboard/branches
[2026-04-22T05:39:51.585Z] GET /api/dashboard/products
[2026-04-22T05:39:51.594Z] GET /api/dashboard/branches
[2026-04-22T05:39:51.605Z] GET /api/dashboard/products
[2026-04-22T05:40:04.900Z] GET /api/dashboard/products
[2026-04-22T05:40:04.907Z] GET /api/dashboard/branches
[2026-04-22T05:40:04.915Z] GET /api/dashboard/products
[2026-04-22T05:40:04.926Z] GET /api/dashboard/branches
[2026-04-22T05:40:17.362Z] GET /api/dashboard/orders
[2026-04-22T05:40:17.365Z] GET /api/dashboard/dashboard-data
[2026-04-22T05:40:17.371Z] GET /api/dashboard/orders
[2026-04-22T05:40:17.386Z] GET /api/dashboard/dashboard-data
[2026-04-22T05:40:17.392Z] POST /api/auth/refresh
[2026-04-22T05:40:17.400Z] POST /api/auth/refresh
[2026-04-22T05:40:17.417Z] POST /api/auth/refresh
[2026-04-22T05:40:17.426Z] POST /api/auth/refresh
[2026-04-22T05:40:17.437Z] GET /api/dashboard/orders
[2026-04-22T05:40:17.447Z] GET /api/dashboard/dashboard-data
[2026-04-22T05:40:17.490Z] GET /api/dashboard/orders
[2026-04-22T05:40:17.497Z] GET /api/dashboard/dashboard-data
[2026-04-22T05:40:23.409Z] GET /api/orderbooking/list
[2026-04-22T05:40:23.433Z] GET /api/orderbooking/list
[2026-04-22T05:40:30.755Z] GET /api/dashboard/orders
[2026-04-22T05:40:30.761Z] GET /api/dashboard/dashboard-data
[2026-04-22T05:40:30.796Z] GET /api/dashboard/orders
[2026-04-22T05:40:30.807Z] GET /api/dashboard/dashboard-data
[2026-04-22T05:40:34.091Z] GET /api/orderbooking/list
[2026-04-22T05:40:34.109Z] GET /api/orderbooking/list
[2026-04-22T05:40:37.189Z] GET /api/dashboard/orders
[2026-04-22T05:40:37.195Z] GET /api/dashboard/dashboard-data
[2026-04-22T05:40:37.222Z] GET /api/dashboard/orders
[2026-04-22T05:40:37.236Z] GET /api/dashboard/dashboard-data
[2026-04-22T05:40:39.778Z] GET /api/dashboard/products
[2026-04-22T05:40:39.781Z] GET /api/dashboard/branches
[2026-04-22T05:40:39.788Z] GET /api/dashboard/products
[2026-04-22T05:40:39.794Z] GET /api/dashboard/branches
[2026-04-22T05:55:25.256Z] GET /api/health
[2026-04-22T05:56:28.711Z] POST /api/auth/login
[2026-04-22T05:58:13.775Z] GET /api/dashboard/products
[2026-04-22T05:58:13.786Z] GET /api/dashboard/branches
[2026-04-22T05:58:50.774Z] GET /api/dashboard/products
[2026-04-22T05:58:50.780Z] GET /api/dashboard/branches
[2026-04-22T06:04:40.303Z] GET /api/health
[2026-04-22T06:04:41.338Z] GET /favicon.ico
[2026-04-22T06:04:53.335Z] POST /api/auth/login
[2026-04-22T06:04:53.467Z] GET /api/dashboard/orders
[2026-04-22T06:04:53.469Z] GET /api/dashboard/dashboard-data
[2026-04-22T06:04:53.479Z] GET /api/dashboard/orders
[2026-04-22T06:04:53.485Z] POST /api/auth/refresh
[2026-04-22T06:04:53.497Z] GET /api/dashboard/dashboard-data
[2026-04-22T06:04:53.502Z] POST /api/auth/refresh
[2026-04-22T06:04:53.516Z] POST /api/auth/refresh
[2026-04-22T06:04:53.528Z] GET /api/dashboard/orders
[2026-04-22T06:04:53.533Z] POST /api/auth/refresh
[2026-04-22T06:04:53.546Z] GET /api/dashboard/dashboard-data
[2026-04-22T06:04:53.593Z] GET /api/dashboard/orders
[2026-04-22T06:04:53.610Z] GET /api/dashboard/dashboard-data
[2026-04-22T06:04:59.839Z] GET /api/dashboard/branches
[2026-04-22T06:04:59.842Z] GET /api/dashboard/products
[2026-04-22T06:04:59.858Z] GET /api/dashboard/branches
[2026-04-22T06:04:59.868Z] GET /api/dashboard/products
[2026-04-22T06:05:04.419Z] GET /api/dashboard/product-details
[2026-04-22T06:05:10.800Z] GET /api/dashboard/orders
[2026-04-22T06:05:10.804Z] GET /api/dashboard/dashboard-data
[2026-04-22T06:05:10.845Z] GET /api/dashboard/orders
[2026-04-22T06:05:10.859Z] GET /api/dashboard/dashboard-data
[2026-04-22T06:05:12.917Z] GET /api/orderbooking/list
[2026-04-22T06:05:12.943Z] GET /api/orderbooking/list
[2026-04-22T06:08:10.216Z] GET /api/health
[2026-04-22T06:30:03.573Z] POST /api/auth/login
[2026-04-22T06:30:04.019Z] GET /api/dashboard/dashboard-data
[2026-04-22T06:30:04.023Z] GET /api/dashboard/orders
[2026-04-22T06:30:04.035Z] GET /api/dashboard/dashboard-data
[2026-04-22T06:30:04.044Z] POST /api/auth/refresh
[2026-04-22T06:30:04.058Z] GET /api/dashboard/orders
[2026-04-22T06:30:04.066Z] POST /api/auth/refresh
[2026-04-22T06:30:04.080Z] POST /api/auth/refresh
[2026-04-22T06:30:04.102Z] GET /api/dashboard/dashboard-data
[2026-04-22T06:30:04.108Z] POST /api/auth/refresh
[2026-04-22T06:30:04.119Z] GET /api/dashboard/orders
[2026-04-22T06:30:04.151Z] GET /api/dashboard/dashboard-data
[2026-04-22T06:30:04.170Z] GET /api/dashboard/orders
[2026-04-22T06:30:09.962Z] GET /api/orderbooking/list
[2026-04-22T06:30:09.982Z] GET /api/orderbooking/list
[2026-04-22T06:30:15.127Z] GET /api/dashboard/branches
[2026-04-22T06:30:15.133Z] GET /api/dashboard/products
[2026-04-22T06:30:15.146Z] GET /api/dashboard/branches
[2026-04-22T06:30:15.158Z] GET /api/dashboard/products
[2026-04-22T06:30:18.434Z] GET /api/dashboard/product-details
[2026-04-22T06:30:25.368Z] GET /api/dashboard/orders
[2026-04-22T06:30:25.372Z] GET /api/dashboard/dashboard-data
[2026-04-22T06:30:25.400Z] GET /api/dashboard/orders
[2026-04-22T06:30:25.422Z] GET /api/dashboard/dashboard-data
[2026-04-22T06:30:28.236Z] GET /api/orderbooking/list
[2026-04-22T06:30:28.249Z] GET /api/orderbooking/list
[2026-04-22T06:30:44.892Z] GET /api/dashboard/orders
[2026-04-22T06:30:44.896Z] GET /api/dashboard/dashboard-data
[2026-04-22T06:30:44.939Z] GET /api/dashboard/orders
[2026-04-22T06:30:44.944Z] GET /api/dashboard/dashboard-data
[2026-04-22T06:30:50.999Z] GET /api/orderbooking/list
[2026-04-22T06:30:51.015Z] GET /api/orderbooking/list
[2026-04-22T06:42:14.041Z] GET /api/dashboard/dashboard-data
[2026-04-22T06:42:14.047Z] GET /api/dashboard/orders
[2026-04-22T06:42:14.092Z] GET /api/dashboard/dashboard-data
[2026-04-22T06:42:14.105Z] GET /api/dashboard/orders
[2026-04-22T06:43:45.478Z] GET /api/dashboard/products
[2026-04-22T06:43:45.484Z] GET /api/dashboard/branches
[2026-04-22T06:43:45.523Z] GET /api/dashboard/products
[2026-04-22T06:43:45.527Z] GET /api/dashboard/branches
[2026-04-22T06:45:52.601Z] GET /api/dashboard/products
[2026-04-22T06:45:52.607Z] GET /api/dashboard/branches
[2026-04-22T06:46:08.061Z] POST /api/auth/login
[2026-04-22T06:46:08.193Z] GET /api/dashboard/orders
[2026-04-22T06:46:08.195Z] GET /api/dashboard/dashboard-data
[2026-04-22T06:46:08.201Z] GET /api/dashboard/orders
[2026-04-22T06:46:08.216Z] POST /api/auth/refresh
[2026-04-22T06:46:08.230Z] POST /api/auth/refresh
[2026-04-22T06:46:08.246Z] GET /api/dashboard/dashboard-data
[2026-04-22T06:46:08.254Z] POST /api/auth/refresh
[2026-04-22T06:46:08.262Z] GET /api/dashboard/orders
[2026-04-22T06:46:08.271Z] POST /api/auth/refresh
[2026-04-22T06:46:08.280Z] GET /api/dashboard/dashboard-data
[2026-04-22T06:46:08.326Z] GET /api/dashboard/orders
[2026-04-22T06:46:08.341Z] GET /api/dashboard/dashboard-data
[2026-04-22T06:46:10.709Z] GET /api/dashboard/products
[2026-04-22T06:46:10.717Z] GET /api/dashboard/branches
[2026-04-22T06:46:10.726Z] GET /api/dashboard/products
[2026-04-22T06:46:10.736Z] GET /api/dashboard/branches
[2026-04-22T06:46:13.799Z] GET /api/dashboard/product-details
[2026-04-22T06:46:19.926Z] GET /api/dashboard/products
[2026-04-22T06:46:19.952Z] GET /api/dashboard/branches
[2026-04-22T06:46:19.963Z] GET /api/dashboard/product-details
[2026-04-22T06:46:22.589Z] GET /api/dashboard/orders
[2026-04-22T06:46:22.598Z] GET /api/dashboard/dashboard-data
[2026-04-22T06:46:22.635Z] GET /api/dashboard/orders
[2026-04-22T06:46:22.647Z] GET /api/dashboard/dashboard-data
[2026-04-22T06:46:24.869Z] GET /api/orderbooking/list
[2026-04-22T06:46:24.888Z] GET /api/orderbooking/list
[2026-04-22T09:10:37.902Z] GET /api/dashboard/orders
[2026-04-22T09:10:37.909Z] GET /api/dashboard/dashboard-data
[2026-04-22T09:10:37.928Z] GET /api/dashboard/orders
[2026-04-22T09:10:37.942Z] POST /api/auth/refresh
[2026-04-22T09:10:37.954Z] GET /api/dashboard/dashboard-data
[2026-04-22T09:10:37.958Z] POST /api/auth/refresh
[2026-04-22T09:10:37.973Z] POST /api/auth/refresh
[2026-04-22T09:10:37.993Z] GET /api/dashboard/orders
[2026-04-22T09:10:38.003Z] POST /api/auth/refresh
[2026-04-22T09:10:38.013Z] GET /api/dashboard/dashboard-data
[2026-04-22T09:10:38.092Z] GET /api/dashboard/orders
[2026-04-22T09:10:38.097Z] GET /api/dashboard/dashboard-data
[2026-04-22T09:10:43.996Z] GET /api/dashboard/products
[2026-04-22T09:10:43.998Z] GET /api/dashboard/branches
[2026-04-22T09:10:44.016Z] GET /api/dashboard/products
[2026-04-22T09:10:44.022Z] GET /api/dashboard/branches
[2026-04-22T09:10:46.293Z] GET /api/orderbooking/list
[2026-04-22T09:10:46.316Z] GET /api/orderbooking/list
[2026-04-22T09:10:50.550Z] GET /api/dashboard/products
[2026-04-22T09:10:50.555Z] GET /api/dashboard/branches
[2026-04-22T09:10:50.563Z] GET /api/dashboard/products
[2026-04-22T09:10:50.571Z] GET /api/dashboard/branches
[2026-04-22T09:10:55.249Z] GET /api/dashboard/product-details
[2026-04-22T09:11:14.269Z] GET /api/dashboard/rate
[2026-04-22T09:11:28.446Z] POST /api/orderbooking/orders
[2026-04-22T09:11:31.801Z] GET /api/dashboard/orders
[2026-04-22T09:11:31.808Z] GET /api/dashboard/dashboard-data
[2026-04-22T09:11:31.832Z] GET /api/dashboard/orders
[2026-04-22T09:11:31.850Z] GET /api/dashboard/dashboard-data
[2026-04-22T09:11:34.502Z] GET /api/orderbooking/list
[2026-04-22T09:11:34.516Z] GET /api/orderbooking/list
[2026-04-22T09:11:40.922Z] GET /api/dashboard/orders
[2026-04-22T09:11:40.932Z] GET /api/dashboard/dashboard-data
[2026-04-22T09:11:40.951Z] GET /api/dashboard/orders
[2026-04-22T09:11:40.962Z] GET /api/dashboard/dashboard-data
[2026-04-22T09:11:59.870Z] GET /api/orderbooking/list
[2026-04-22T09:11:59.887Z] GET /api/orderbooking/list
[2026-04-22T09:13:13.077Z] POST /api/reports
[2026-04-22T09:59:18.116Z] GET /api/dashboard/orders
[2026-04-22T09:59:18.135Z] GET /api/dashboard/dashboard-data
[2026-04-22T09:59:18.141Z] GET /api/dashboard/orders
[2026-04-22T09:59:18.148Z] GET /api/dashboard/dashboard-data
[2026-04-22T09:59:18.175Z] POST /api/auth/refresh
[2026-04-22T09:59:18.190Z] POST /api/auth/refresh
[2026-04-22T09:59:18.200Z] POST /api/auth/refresh
[2026-04-22T09:59:18.223Z] POST /api/auth/refresh
[2026-04-22T09:59:18.232Z] GET /api/dashboard/orders
[2026-04-22T09:59:18.236Z] GET /api/dashboard/dashboard-data
[2026-04-22T09:59:18.293Z] GET /api/dashboard/orders
[2026-04-22T09:59:18.304Z] GET /api/dashboard/dashboard-data
[2026-04-22T10:00:28.121Z] GET /api/dashboard/products
[2026-04-22T10:00:28.125Z] GET /api/dashboard/branches
[2026-04-22T10:00:28.152Z] GET /api/dashboard/products
[2026-04-22T10:00:28.164Z] GET /api/dashboard/branches
[2026-04-22T10:00:32.014Z] GET /api/dashboard/product-details
[2026-04-22T10:00:44.091Z] GET /api/orderbooking/list
[2026-04-22T10:00:44.106Z] GET /api/orderbooking/list
[2026-04-22T10:00:47.723Z] GET /api/dashboard/orders
[2026-04-22T10:00:47.730Z] GET /api/dashboard/dashboard-data
[2026-04-22T10:00:47.753Z] GET /api/dashboard/orders
[2026-04-22T10:00:47.765Z] GET /api/dashboard/dashboard-data
[2026-04-22T10:00:50.043Z] GET /api/orderbooking/list
[2026-04-22T10:00:50.065Z] GET /api/orderbooking/list
[2026-04-22T10:00:56.626Z] GET /api/dashboard/orders
[2026-04-22T10:00:56.631Z] GET /api/dashboard/dashboard-data
[2026-04-22T10:00:56.669Z] GET /api/dashboard/orders
[2026-04-22T10:00:56.681Z] GET /api/dashboard/dashboard-data
[2026-04-22T10:06:30.620Z] GET /api/orderbooking/list
[2026-04-22T10:06:30.644Z] GET /api/orderbooking/list
[2026-04-22T10:08:55.674Z] GET /api/dashboard/orders
[2026-04-22T10:08:55.683Z] GET /api/dashboard/dashboard-data
[2026-04-22T10:08:55.730Z] GET /api/dashboard/orders
[2026-04-22T10:08:55.735Z] GET /api/dashboard/dashboard-data
[2026-04-22T10:19:04.486Z] GET /api/orderbooking/list
[2026-04-22T10:19:04.505Z] GET /api/orderbooking/list
[2026-04-22T10:19:04.509Z] POST /api/auth/refresh
[2026-04-22T10:19:04.515Z] POST /api/auth/refresh
[2026-04-22T10:19:04.527Z] GET /api/orderbooking/list
[2026-04-22T10:19:04.558Z] GET /api/orderbooking/list
[2026-04-22T10:19:29.389Z] POST /api/reports
